2026-05-14 13:44:49,477:WARNING:
'cuml' is a soft dependency and not included in the pycaret installation. Please run: `pip install cuml` to install.
2026-05-14 13:44:49,477:WARNING:
'cuml' is a soft dependency and not included in the pycaret installation. Please run: `pip install cuml` to install.
2026-05-14 13:44:49,477:WARNING:
'cuml' is a soft dependency and not included in the pycaret installation. Please run: `pip install cuml` to install.
2026-05-14 13:44:49,477:WARNING:
'cuml' is a soft dependency and not included in the pycaret installation. Please run: `pip install cuml` to install.
2026-05-14 13:44:49,737:INFO:PyCaret RegressionExperiment
2026-05-14 13:44:49,737:INFO:Logging name: reg-default-name
2026-05-14 13:44:49,737:INFO:ML Usecase: MLUsecase.REGRESSION
2026-05-14 13:44:49,737:INFO:version 3.3.2
2026-05-14 13:44:49,737:INFO:Initializing setup()
2026-05-14 13:44:49,738:INFO:self.USI: 1de5
2026-05-14 13:44:49,738:INFO:self._variable_keys: {'logging_param', 'USI', 'X', 'fold_generator', 'gpu_n_jobs_param', '_ml_usecase', 'y', 'memory', 'X_test', 'html_param', 'exp_id', 'gpu_param', 'idx', 'fold_shuffle_param', 'target_param', 'y_train', 'log_plots_param', 'X_train', 'data', '_available_plots', 'transform_target_param', 'exp_name_log', 'y_test', 'fold_groups_param', 'n_jobs_param', 'seed', 'pipeline'}
2026-05-14 13:44:49,738:INFO:Checking environment
2026-05-14 13:44:49,738:INFO:python_version: 3.11.15
2026-05-14 13:44:49,738:INFO:python_build: ('main', 'May  8 2026 20:07:36')
2026-05-14 13:44:49,738:INFO:machine: x86_64
2026-05-14 13:44:49,742:INFO:platform: Linux-4.18.0-553.123.1.el8_10.x86_64-x86_64-with-glibc2.41
2026-05-14 13:44:49,742:INFO:Memory: svmem(total=810591698944, available=747631124480, percent=7.8, used=57775910912, free=175476842496, active=197171097600, inactive=329326534656, buffers=41660035072, cached=535678910464, shared=421609472, slab=82967932928)
2026-05-14 13:44:49,760:INFO:Physical Core: 192
2026-05-14 13:44:49,760:INFO:Logical Core: 384
2026-05-14 13:44:49,760:INFO:Checking libraries
2026-05-14 13:44:49,760:INFO:System:
2026-05-14 13:44:49,760:INFO:    python: 3.11.15 (main, May  8 2026, 20:07:36) [GCC 14.2.0]
2026-05-14 13:44:49,760:INFO:executable: /usr/local/bin/python
2026-05-14 13:44:49,760:INFO:   machine: Linux-4.18.0-553.123.1.el8_10.x86_64-x86_64-with-glibc2.41
2026-05-14 13:44:49,760:INFO:PyCaret required dependencies:
2026-05-14 13:44:49,813:INFO:                 pip: 24.0
2026-05-14 13:44:49,813:INFO:          setuptools: 79.0.1
2026-05-14 13:44:49,813:INFO:             pycaret: 3.3.2
2026-05-14 13:44:49,813:INFO:             IPython: 9.13.0
2026-05-14 13:44:49,813:INFO:          ipywidgets: 8.1.8
2026-05-14 13:44:49,813:INFO:                tqdm: 4.67.3
2026-05-14 13:44:49,813:INFO:               numpy: 1.26.4
2026-05-14 13:44:49,813:INFO:              pandas: 2.3.3
2026-05-14 13:44:49,813:INFO:              jinja2: 3.1.6
2026-05-14 13:44:49,813:INFO:               scipy: 1.11.4
2026-05-14 13:44:49,813:INFO:              joblib: 1.3.2
2026-05-14 13:44:49,813:INFO:             sklearn: 1.4.2
2026-05-14 13:44:49,813:INFO:                pyod: 3.4.0
2026-05-14 13:44:49,813:INFO:            imblearn: 0.14.1
2026-05-14 13:44:49,813:INFO:   category_encoders: 2.7.0
2026-05-14 13:44:49,813:INFO:            lightgbm: 4.6.0
2026-05-14 13:44:49,813:INFO:               numba: 0.65.1
2026-05-14 13:44:49,813:INFO:            requests: 2.34.1
2026-05-14 13:44:49,813:INFO:          matplotlib: 3.7.5
2026-05-14 13:44:49,813:INFO:          scikitplot: 0.3.7
2026-05-14 13:44:49,813:INFO:         yellowbrick: 1.5
2026-05-14 13:44:49,813:INFO:              plotly: 5.24.1
2026-05-14 13:44:49,813:INFO:    plotly-resampler: Not installed
2026-05-14 13:44:49,813:INFO:             kaleido: 1.3.0
2026-05-14 13:44:49,813:INFO:           schemdraw: 0.15
2026-05-14 13:44:49,813:INFO:         statsmodels: 0.14.6
2026-05-14 13:44:49,813:INFO:              sktime: 0.26.0
2026-05-14 13:44:49,813:INFO:               tbats: 1.1.3
2026-05-14 13:44:49,813:INFO:            pmdarima: 2.0.4
2026-05-14 13:44:49,813:INFO:              psutil: 5.9.8
2026-05-14 13:44:49,813:INFO:          markupsafe: 3.0.3
2026-05-14 13:44:49,813:INFO:             pickle5: Not installed
2026-05-14 13:44:49,813:INFO:         cloudpickle: 3.1.2
2026-05-14 13:44:49,813:INFO:         deprecation: 2.1.0
2026-05-14 13:44:49,813:INFO:              xxhash: 3.7.0
2026-05-14 13:44:49,813:INFO:           wurlitzer: 3.1.1
2026-05-14 13:44:49,813:INFO:PyCaret optional dependencies:
2026-05-14 13:44:49,830:INFO:                shap: Not installed
2026-05-14 13:44:49,830:INFO:           interpret: Not installed
2026-05-14 13:44:49,830:INFO:                umap: Not installed
2026-05-14 13:44:49,830:INFO:     ydata_profiling: Not installed
2026-05-14 13:44:49,830:INFO:  explainerdashboard: Not installed
2026-05-14 13:44:49,830:INFO:             autoviz: Not installed
2026-05-14 13:44:49,830:INFO:           fairlearn: Not installed
2026-05-14 13:44:49,830:INFO:          deepchecks: Not installed
2026-05-14 13:44:49,830:INFO:             xgboost: Not installed
2026-05-14 13:44:49,830:INFO:            catboost: Not installed
2026-05-14 13:44:49,830:INFO:              kmodes: Not installed
2026-05-14 13:44:49,830:INFO:             mlxtend: Not installed
2026-05-14 13:44:49,830:INFO:       statsforecast: Not installed
2026-05-14 13:44:49,830:INFO:        tune_sklearn: Not installed
2026-05-14 13:44:49,830:INFO:                 ray: Not installed
2026-05-14 13:44:49,830:INFO:            hyperopt: Not installed
2026-05-14 13:44:49,830:INFO:              optuna: 4.8.0
2026-05-14 13:44:49,830:INFO:               skopt: Not installed
2026-05-14 13:44:49,830:INFO:              mlflow: Not installed
2026-05-14 13:44:49,830:INFO:              gradio: Not installed
2026-05-14 13:44:49,830:INFO:             fastapi: Not installed
2026-05-14 13:44:49,830:INFO:             uvicorn: Not installed
2026-05-14 13:44:49,830:INFO:              m2cgen: Not installed
2026-05-14 13:44:49,830:INFO:           evidently: Not installed
2026-05-14 13:44:49,830:INFO:               fugue: Not installed
2026-05-14 13:44:49,830:INFO:           streamlit: Not installed
2026-05-14 13:44:49,830:INFO:             prophet: Not installed
2026-05-14 13:44:49,830:INFO:None
2026-05-14 13:44:49,830:INFO:Set up data.
2026-05-14 13:44:49,838:INFO:Set up folding strategy.
2026-05-14 13:44:49,844:INFO:Set up train/test split.
2026-05-14 13:44:49,844:INFO:Set up data.
2026-05-14 13:44:49,848:INFO:Set up index.
2026-05-14 13:44:49,848:INFO:Assigning column types.
2026-05-14 13:44:49,856:INFO:Engine successfully changes for model 'lr' to 'sklearn'.
2026-05-14 13:44:49,856:INFO:Engine for model 'lasso' has not been set explicitly, hence returning None.
2026-05-14 13:44:49,859:INFO:Engine for model 'ridge' has not been set explicitly, hence returning None.
2026-05-14 13:44:49,862:INFO:Engine for model 'en' has not been set explicitly, hence returning None.
2026-05-14 13:44:49,902:INFO:Engine for model 'svm' has not been set explicitly, hence returning None.
2026-05-14 13:44:49,929:INFO:Engine for model 'knn' has not been set explicitly, hence returning None.
2026-05-14 13:44:49,929:WARNING:
'xgboost' is a soft dependency and not included in the pycaret installation. Please run: `pip install xgboost` to install.
Alternately, you can install this by running `pip install pycaret[models]`
2026-05-14 13:44:49,929:WARNING:
'catboost' is a soft dependency and not included in the pycaret installation. Please run: `pip install catboost` to install.
Alternately, you can install this by running `pip install pycaret[models]`
2026-05-14 13:44:49,930:INFO:Engine for model 'lasso' has not been set explicitly, hence returning None.
2026-05-14 13:44:49,932:INFO:Engine for model 'ridge' has not been set explicitly, hence returning None.
2026-05-14 13:44:49,935:INFO:Engine for model 'en' has not been set explicitly, hence returning None.
2026-05-14 13:44:49,975:INFO:Engine for model 'svm' has not been set explicitly, hence returning None.
2026-05-14 13:44:50,002:INFO:Engine for model 'knn' has not been set explicitly, hence returning None.
2026-05-14 13:44:50,002:WARNING:
'xgboost' is a soft dependency and not included in the pycaret installation. Please run: `pip install xgboost` to install.
Alternately, you can install this by running `pip install pycaret[models]`
2026-05-14 13:44:50,002:WARNING:
'catboost' is a soft dependency and not included in the pycaret installation. Please run: `pip install catboost` to install.
Alternately, you can install this by running `pip install pycaret[models]`
2026-05-14 13:44:50,002:INFO:Engine successfully changes for model 'lasso' to 'sklearn'.
2026-05-14 13:44:50,005:INFO:Engine for model 'ridge' has not been set explicitly, hence returning None.
2026-05-14 13:44:50,008:INFO:Engine for model 'en' has not been set explicitly, hence returning None.
2026-05-14 13:44:50,047:INFO:Engine for model 'svm' has not been set explicitly, hence returning None.
2026-05-14 13:44:50,074:INFO:Engine for model 'knn' has not been set explicitly, hence returning None.
2026-05-14 13:44:50,074:WARNING:
'xgboost' is a soft dependency and not included in the pycaret installation. Please run: `pip install xgboost` to install.
Alternately, you can install this by running `pip install pycaret[models]`
2026-05-14 13:44:50,074:WARNING:
'catboost' is a soft dependency and not included in the pycaret installation. Please run: `pip install catboost` to install.
Alternately, you can install this by running `pip install pycaret[models]`
2026-05-14 13:44:50,077:INFO:Engine for model 'ridge' has not been set explicitly, hence returning None.
2026-05-14 13:44:50,080:INFO:Engine for model 'en' has not been set explicitly, hence returning None.
2026-05-14 13:44:50,119:INFO:Engine for model 'svm' has not been set explicitly, hence returning None.
2026-05-14 13:44:50,146:INFO:Engine for model 'knn' has not been set explicitly, hence returning None.
2026-05-14 13:44:50,146:WARNING:
'xgboost' is a soft dependency and not included in the pycaret installation. Please run: `pip install xgboost` to install.
Alternately, you can install this by running `pip install pycaret[models]`
2026-05-14 13:44:50,147:WARNING:
'catboost' is a soft dependency and not included in the pycaret installation. Please run: `pip install catboost` to install.
Alternately, you can install this by running `pip install pycaret[models]`
2026-05-14 13:44:50,147:INFO:Engine successfully changes for model 'ridge' to 'sklearn'.
2026-05-14 13:44:50,152:INFO:Engine for model 'en' has not been set explicitly, hence returning None.
2026-05-14 13:44:50,191:INFO:Engine for model 'svm' has not been set explicitly, hence returning None.
2026-05-14 13:44:50,218:INFO:Engine for model 'knn' has not been set explicitly, hence returning None.
2026-05-14 13:44:50,219:WARNING:
'xgboost' is a soft dependency and not included in the pycaret installation. Please run: `pip install xgboost` to install.
Alternately, you can install this by running `pip install pycaret[models]`
2026-05-14 13:44:50,219:WARNING:
'catboost' is a soft dependency and not included in the pycaret installation. Please run: `pip install catboost` to install.
Alternately, you can install this by running `pip install pycaret[models]`
2026-05-14 13:44:50,224:INFO:Engine for model 'en' has not been set explicitly, hence returning None.
2026-05-14 13:44:50,263:INFO:Engine for model 'svm' has not been set explicitly, hence returning None.
2026-05-14 13:44:50,290:INFO:Engine for model 'knn' has not been set explicitly, hence returning None.
2026-05-14 13:44:50,290:WARNING:
'xgboost' is a soft dependency and not included in the pycaret installation. Please run: `pip install xgboost` to install.
Alternately, you can install this by running `pip install pycaret[models]`
2026-05-14 13:44:50,290:WARNING:
'catboost' is a soft dependency and not included in the pycaret installation. Please run: `pip install catboost` to install.
Alternately, you can install this by running `pip install pycaret[models]`
2026-05-14 13:44:50,290:INFO:Engine successfully changes for model 'en' to 'sklearn'.
2026-05-14 13:44:50,335:INFO:Engine for model 'svm' has not been set explicitly, hence returning None.
2026-05-14 13:44:50,361:INFO:Engine for model 'knn' has not been set explicitly, hence returning None.
2026-05-14 13:44:50,362:WARNING:
'xgboost' is a soft dependency and not included in the pycaret installation. Please run: `pip install xgboost` to install.
Alternately, you can install this by running `pip install pycaret[models]`
2026-05-14 13:44:50,362:WARNING:
'catboost' is a soft dependency and not included in the pycaret installation. Please run: `pip install catboost` to install.
Alternately, you can install this by running `pip install pycaret[models]`
2026-05-14 13:44:50,407:INFO:Engine for model 'svm' has not been set explicitly, hence returning None.
2026-05-14 13:44:50,433:INFO:Engine for model 'knn' has not been set explicitly, hence returning None.
2026-05-14 13:44:50,433:WARNING:
'xgboost' is a soft dependency and not included in the pycaret installation. Please run: `pip install xgboost` to install.
Alternately, you can install this by running `pip install pycaret[models]`
2026-05-14 13:44:50,434:WARNING:
'catboost' is a soft dependency and not included in the pycaret installation. Please run: `pip install catboost` to install.
Alternately, you can install this by running `pip install pycaret[models]`
2026-05-14 13:44:50,434:INFO:Engine successfully changes for model 'knn' to 'sklearn'.
2026-05-14 13:44:50,478:INFO:Engine for model 'svm' has not been set explicitly, hence returning None.
2026-05-14 13:44:50,508:WARNING:
'xgboost' is a soft dependency and not included in the pycaret installation. Please run: `pip install xgboost` to install.
Alternately, you can install this by running `pip install pycaret[models]`
2026-05-14 13:44:50,509:WARNING:
'catboost' is a soft dependency and not included in the pycaret installation. Please run: `pip install catboost` to install.
Alternately, you can install this by running `pip install pycaret[models]`
2026-05-14 13:44:50,556:INFO:Engine for model 'svm' has not been set explicitly, hence returning None.
2026-05-14 13:44:50,583:WARNING:
'xgboost' is a soft dependency and not included in the pycaret installation. Please run: `pip install xgboost` to install.
Alternately, you can install this by running `pip install pycaret[models]`
2026-05-14 13:44:50,583:WARNING:
'catboost' is a soft dependency and not included in the pycaret installation. Please run: `pip install catboost` to install.
Alternately, you can install this by running `pip install pycaret[models]`
2026-05-14 13:44:50,583:INFO:Engine successfully changes for model 'svm' to 'sklearn'.
2026-05-14 13:44:50,654:WARNING:
'xgboost' is a soft dependency and not included in the pycaret installation. Please run: `pip install xgboost` to install.
Alternately, you can install this by running `pip install pycaret[models]`
2026-05-14 13:44:50,655:WARNING:
'catboost' is a soft dependency and not included in the pycaret installation. Please run: `pip install catboost` to install.
Alternately, you can install this by running `pip install pycaret[models]`
2026-05-14 13:44:50,726:WARNING:
'xgboost' is a soft dependency and not included in the pycaret installation. Please run: `pip install xgboost` to install.
Alternately, you can install this by running `pip install pycaret[models]`
2026-05-14 13:44:50,726:WARNING:
'catboost' is a soft dependency and not included in the pycaret installation. Please run: `pip install catboost` to install.
Alternately, you can install this by running `pip install pycaret[models]`
2026-05-14 13:44:50,728:INFO:Preparing preprocessing pipeline...
2026-05-14 13:44:50,728:INFO:Set up simple imputation.
2026-05-14 13:44:50,728:INFO:Set up variance threshold.
2026-05-14 13:44:50,728:INFO:Set up removing multicollinearity.
2026-05-14 13:44:50,728:INFO:Set up feature normalization.
2026-05-14 13:44:50,728:INFO:Set up feature selection.
2026-05-14 13:44:50,799:WARNING:
'xgboost' is a soft dependency and not included in the pycaret installation. Please run: `pip install xgboost` to install.
Alternately, you can install this by running `pip install pycaret[models]`
2026-05-14 13:44:50,800:WARNING:
'catboost' is a soft dependency and not included in the pycaret installation. Please run: `pip install catboost` to install.
Alternately, you can install this by running `pip install pycaret[models]`
2026-05-14 13:44:53,898:INFO:Finished creating preprocessing pipeline.
2026-05-14 13:44:53,905:INFO:Pipeline: Pipeline(memory=FastMemory(location=/tmp/joblib),
         steps=[('numerical_imputer',
                 TransformerWrapper(include=['log10_Re', 'Dr', 'Lr', 'z_hat',
                                             'd_local_over_D', 'A_local_over_A',
                                             'V_local_over_V_bulk',
                                             'log10_Re_throat',
                                             'log10_Re_local', 'inv_Dr',
                                             'Dr_times_Lr', 'z_hat_times_Dr',
                                             'z_hat_times_Lr',
                                             'dist_to_throat_start',
                                             'dist_to_throat_end',
                                             'dist_to_nearest_step'],...
                 TransformerWrapper(exclude=[],
                                    transformer=VarianceThreshold())),
                ('remove_multicollinearity',
                 TransformerWrapper(exclude=[],
                                    transformer=RemoveMulticollinearity(threshold=0.9))),
                ('normalize', TransformerWrapper(transformer=StandardScaler())),
                ('feature_selection',
                 TransformerWrapper(exclude=[],
                                    transformer=SelectFromModel(estimator=LGBMRegressor(),
                                                                max_features=6,
                                                                threshold=-inf)))])
2026-05-14 13:44:53,905:INFO:Creating final display dataframe.
2026-05-14 13:44:54,100:INFO:Setup _display_container:                     Description             Value
0                    Session id                42
1                        Target       log_alpha_D
2                   Target type        Regression
3           Original data shape       (31850, 18)
4        Transformed data shape        (31850, 7)
5   Transformed train set shape        (25450, 7)
6    Transformed test set shape         (6400, 7)
7               Ignore features                 1
8              Numeric features                16
9                    Preprocess              True
10              Imputation type            simple
11           Numeric imputation              mean
12       Categorical imputation              mode
13       Low variance threshold               0.0
14     Remove multicollinearity              True
15  Multicollinearity threshold               0.9
16                    Normalize              True
17             Normalize method            zscore
18            Feature selection              True
19     Feature selection method           classic
20  Feature selection estimator          lightgbm
21  Number of features selected                 6
22               Fold Generator        GroupKFold
23                  Fold Number                10
24                     CPU Jobs                -1
25                      Use GPU             False
26               Log Experiment             False
27              Experiment Name  reg-default-name
28                          USI              1de5
2026-05-14 13:44:54,171:WARNING:
'xgboost' is a soft dependency and not included in the pycaret installation. Please run: `pip install xgboost` to install.
Alternately, you can install this by running `pip install pycaret[models]`
2026-05-14 13:44:54,171:WARNING:
'catboost' is a soft dependency and not included in the pycaret installation. Please run: `pip install catboost` to install.
Alternately, you can install this by running `pip install pycaret[models]`
2026-05-14 13:44:54,242:WARNING:
'xgboost' is a soft dependency and not included in the pycaret installation. Please run: `pip install xgboost` to install.
Alternately, you can install this by running `pip install pycaret[models]`
2026-05-14 13:44:54,242:WARNING:
'catboost' is a soft dependency and not included in the pycaret installation. Please run: `pip install catboost` to install.
Alternately, you can install this by running `pip install pycaret[models]`
2026-05-14 13:44:54,242:INFO:setup() successfully completed in 4.51s...............
2026-05-14 13:44:54,243:INFO:Initializing get_config()
2026-05-14 13:44:54,243:INFO:get_config(self=<pycaret.regression.oop.RegressionExperiment object at 0x7f4bcd8e59d0>, variable=X_train_transformed)
2026-05-14 13:44:54,284:INFO:Variable: X_train returned as           z_hat  V_local_over_V_bulk  log10_Re_throat  z_hat_times_Dr  z_hat_times_Lr  dist_to_nearest_step
0     -1.697749            -0.615431         1.522845       -1.489781       -1.137039              2.365865
1     -1.628453            -0.615431         1.522845       -1.458429       -1.132688              2.207972
2     -1.559157            -0.614164         1.522845       -1.427076       -1.128337              2.050079
3     -1.489862            -0.612897         1.522845       -1.395724       -1.123986              1.892186
4     -1.420566            -0.611630         1.522845       -1.364371       -1.119635              1.734292
...         ...                  ...              ...             ...             ...                   ...
31845  1.420566            -0.585247        -1.456042        2.346179        2.820230              0.629041
31846  1.489862            -0.585510        -1.456042        2.430831        2.907250              0.786934
31847  1.559157            -0.585869        -1.456042        2.515482        2.994271              0.944827
31848  1.628454            -0.586227        -1.456042        2.600134        3.081292              1.102720
31849  1.697749            -0.586227        -1.456042        2.684785        3.168312              1.260613

[25450 rows x 6 columns]
2026-05-14 13:44:54,284:INFO:get_config() successfully completed......................................
2026-05-14 13:44:54,284:INFO:Initializing create_model()
2026-05-14 13:44:54,284:INFO:create_model(self=<pycaret.regression.oop.RegressionExperiment object at 0x7f4bcd8e59d0>, estimator=gbr, fold=None, round=4, cross_validation=False, predict=True, fit_kwargs=None, groups=None, refit=True, probability_threshold=None, experiment_custom_tags=None, verbose=True, system=True, add_to_model_list=True, metrics=None, display=None, model_only=True, return_train_score=False, error_score=0.0, kwargs={})
2026-05-14 13:44:54,284:INFO:Checking exceptions
2026-05-14 13:44:54,287:INFO:Importing libraries
2026-05-14 13:44:54,287:INFO:Copying training dataset
2026-05-14 13:44:54,296:INFO:Defining folds
2026-05-14 13:44:54,297:INFO:Declaring metric variables
2026-05-14 13:44:54,297:INFO:Importing untrained model
2026-05-14 13:44:54,297:INFO:Gradient Boosting Regressor Imported successfully
2026-05-14 13:44:54,299:INFO:Cross validation set to False
2026-05-14 13:44:54,299:INFO:Fitting Model
2026-05-14 13:44:54,342:INFO:[LightGBM] [Info] Auto-choosing col-wise multi-threading, the overhead of testing was 0.001865 seconds.
2026-05-14 13:44:54,342:INFO:You can set `force_col_wise=true` to remove the overhead.
2026-05-14 13:44:54,342:INFO:[LightGBM] [Info] Total Bins 1306
2026-05-14 13:44:54,342:INFO:[LightGBM] [Info] Number of data points in the train set: 25450, number of used features: 12
2026-05-14 13:44:54,343:INFO:[LightGBM] [Info] Start training from score -3.157650
2026-05-14 13:44:59,020:INFO:Initializing predict_model()
2026-05-14 13:44:59,020:INFO:predict_model(self=<pycaret.regression.oop.RegressionExperiment object at 0x7f4bcd8e59d0>, estimator=Pipeline(memory=Memory(location=None),
         steps=[('numerical_imputer',
                 TransformerWrapper(include=['log10_Re', 'Dr', 'Lr', 'z_hat',
                                             'd_local_over_D', 'A_local_over_A',
                                             'V_local_over_V_bulk',
                                             'log10_Re_throat',
                                             'log10_Re_local', 'inv_Dr',
                                             'Dr_times_Lr', 'z_hat_times_Dr',
                                             'z_hat_times_Lr',
                                             'dist_to_throat_start',
                                             'dist_to_throat_end',
                                             'dist_to_nearest_step'],
                                    transformer...
                ('remove_multicollinearity',
                 TransformerWrapper(exclude=[],
                                    transformer=RemoveMulticollinearity(threshold=0.9))),
                ('normalize', TransformerWrapper(transformer=StandardScaler())),
                ('feature_selection',
                 TransformerWrapper(exclude=[],
                                    transformer=SelectFromModel(estimator=LGBMRegressor(),
                                                                max_features=6,
                                                                threshold=-inf))),
                ('actual_estimator',
                 GradientBoostingRegressor(random_state=42))]), probability_threshold=None, encoded_labels=False, raw_score=False, round=4, verbose=False, ml_usecase=None, preprocess=True, encode_labels=<function _SupervisedExperiment.predict_model.<locals>.encode_labels at 0x7f571731a480>)
2026-05-14 13:44:59,020:INFO:Checking exceptions
2026-05-14 13:44:59,020:INFO:Preloading libraries
2026-05-14 13:44:59,088:WARNING:/usr/local/lib/python3.11/site-packages/sklearn/metrics/_regression.py:483: FutureWarning: 'squared' is deprecated in version 1.4 and will be removed in 1.6. To calculate the root mean squared error, use the function'root_mean_squared_error'.
  warnings.warn(

2026-05-14 13:44:59,238:INFO:_display_container: 2
2026-05-14 13:44:59,239:INFO:GradientBoostingRegressor(random_state=42)
2026-05-14 13:44:59,239:INFO:create_model() successfully completed......................................
2026-05-14 13:44:59,354:INFO:Initializing get_config()
2026-05-14 13:44:59,355:INFO:get_config(self=<pycaret.regression.oop.RegressionExperiment object at 0x7f4bcd8e59d0>, variable=X_train_transformed)
2026-05-14 13:44:59,397:INFO:Variable: X_train returned as           z_hat  V_local_over_V_bulk  log10_Re_throat  z_hat_times_Dr  z_hat_times_Lr  dist_to_nearest_step
0     -1.697749            -0.615431         1.522845       -1.489781       -1.137039              2.365865
1     -1.628453            -0.615431         1.522845       -1.458429       -1.132688              2.207972
2     -1.559157            -0.614164         1.522845       -1.427076       -1.128337              2.050079
3     -1.489862            -0.612897         1.522845       -1.395724       -1.123986              1.892186
4     -1.420566            -0.611630         1.522845       -1.364371       -1.119635              1.734292
...         ...                  ...              ...             ...             ...                   ...
31845  1.420566            -0.585247        -1.456042        2.346179        2.820230              0.629041
31846  1.489862            -0.585510        -1.456042        2.430831        2.907250              0.786934
31847  1.559157            -0.585869        -1.456042        2.515482        2.994271              0.944827
31848  1.628454            -0.586227        -1.456042        2.600134        3.081292              1.102720
31849  1.697749            -0.586227        -1.456042        2.684785        3.168312              1.260613

[25450 rows x 6 columns]
2026-05-14 13:44:59,397:INFO:get_config() successfully completed......................................
2026-05-14 14:15:45,781:WARNING:
'cuml' is a soft dependency and not included in the pycaret installation. Please run: `pip install cuml` to install.
2026-05-14 14:15:45,781:WARNING:
'cuml' is a soft dependency and not included in the pycaret installation. Please run: `pip install cuml` to install.
2026-05-14 14:15:45,781:WARNING:
'cuml' is a soft dependency and not included in the pycaret installation. Please run: `pip install cuml` to install.
2026-05-14 14:15:45,781:WARNING:
'cuml' is a soft dependency and not included in the pycaret installation. Please run: `pip install cuml` to install.
2026-05-14 14:15:46,014:INFO:PyCaret RegressionExperiment
2026-05-14 14:15:46,014:INFO:Logging name: reg-default-name
2026-05-14 14:15:46,014:INFO:ML Usecase: MLUsecase.REGRESSION
2026-05-14 14:15:46,014:INFO:version 3.3.2
2026-05-14 14:15:46,014:INFO:Initializing setup()
2026-05-14 14:15:46,014:INFO:self.USI: 185e
2026-05-14 14:15:46,014:INFO:self._variable_keys: {'pipeline', 'fold_shuffle_param', 'exp_name_log', 'html_param', 'exp_id', '_available_plots', 'transform_target_param', 'X_train', '_ml_usecase', 'n_jobs_param', 'gpu_n_jobs_param', 'fold_generator', 'idx', 'seed', 'logging_param', 'y_train', 'X_test', 'memory', 'data', 'log_plots_param', 'X', 'y_test', 'target_param', 'y', 'USI', 'gpu_param', 'fold_groups_param'}
2026-05-14 14:15:46,014:INFO:Checking environment
2026-05-14 14:15:46,014:INFO:python_version: 3.11.15
2026-05-14 14:15:46,014:INFO:python_build: ('main', 'May  8 2026 20:07:36')
2026-05-14 14:15:46,014:INFO:machine: x86_64
2026-05-14 14:15:46,017:INFO:platform: Linux-4.18.0-553.123.1.el8_10.x86_64-x86_64-with-glibc2.41
2026-05-14 14:15:46,017:INFO:Memory: svmem(total=810591698944, available=747578765312, percent=7.8, used=57825062912, free=175187722240, active=202262138880, inactive=324528336896, buffers=41697103872, cached=535881809920, shared=424804352, slab=82981535744)
2026-05-14 14:15:46,034:INFO:Physical Core: 192
2026-05-14 14:15:46,034:INFO:Logical Core: 384
2026-05-14 14:15:46,034:INFO:Checking libraries
2026-05-14 14:15:46,034:INFO:System:
2026-05-14 14:15:46,034:INFO:    python: 3.11.15 (main, May  8 2026, 20:07:36) [GCC 14.2.0]
2026-05-14 14:15:46,034:INFO:executable: /usr/local/bin/python
2026-05-14 14:15:46,034:INFO:   machine: Linux-4.18.0-553.123.1.el8_10.x86_64-x86_64-with-glibc2.41
2026-05-14 14:15:46,034:INFO:PyCaret required dependencies:
2026-05-14 14:15:46,081:INFO:                 pip: 24.0
2026-05-14 14:15:46,081:INFO:          setuptools: 79.0.1
2026-05-14 14:15:46,081:INFO:             pycaret: 3.3.2
2026-05-14 14:15:46,081:INFO:             IPython: 9.13.0
2026-05-14 14:15:46,081:INFO:          ipywidgets: 8.1.8
2026-05-14 14:15:46,081:INFO:                tqdm: 4.67.3
2026-05-14 14:15:46,081:INFO:               numpy: 1.26.4
2026-05-14 14:15:46,082:INFO:              pandas: 2.3.3
2026-05-14 14:15:46,082:INFO:              jinja2: 3.1.6
2026-05-14 14:15:46,082:INFO:               scipy: 1.11.4
2026-05-14 14:15:46,082:INFO:              joblib: 1.3.2
2026-05-14 14:15:46,082:INFO:             sklearn: 1.4.2
2026-05-14 14:15:46,082:INFO:                pyod: 3.4.0
2026-05-14 14:15:46,082:INFO:            imblearn: 0.14.1
2026-05-14 14:15:46,082:INFO:   category_encoders: 2.7.0
2026-05-14 14:15:46,082:INFO:            lightgbm: 4.6.0
2026-05-14 14:15:46,082:INFO:               numba: 0.65.1
2026-05-14 14:15:46,082:INFO:            requests: 2.34.1
2026-05-14 14:15:46,082:INFO:          matplotlib: 3.7.5
2026-05-14 14:15:46,082:INFO:          scikitplot: 0.3.7
2026-05-14 14:15:46,082:INFO:         yellowbrick: 1.5
2026-05-14 14:15:46,082:INFO:              plotly: 5.24.1
2026-05-14 14:15:46,082:INFO:    plotly-resampler: Not installed
2026-05-14 14:15:46,082:INFO:             kaleido: 1.3.0
2026-05-14 14:15:46,082:INFO:           schemdraw: 0.15
2026-05-14 14:15:46,082:INFO:         statsmodels: 0.14.6
2026-05-14 14:15:46,082:INFO:              sktime: 0.26.0
2026-05-14 14:15:46,082:INFO:               tbats: 1.1.3
2026-05-14 14:15:46,082:INFO:            pmdarima: 2.0.4
2026-05-14 14:15:46,082:INFO:              psutil: 5.9.8
2026-05-14 14:15:46,082:INFO:          markupsafe: 3.0.3
2026-05-14 14:15:46,082:INFO:             pickle5: Not installed
2026-05-14 14:15:46,082:INFO:         cloudpickle: 3.1.2
2026-05-14 14:15:46,082:INFO:         deprecation: 2.1.0
2026-05-14 14:15:46,082:INFO:              xxhash: 3.7.0
2026-05-14 14:15:46,082:INFO:           wurlitzer: 3.1.1
2026-05-14 14:15:46,082:INFO:PyCaret optional dependencies:
2026-05-14 14:15:46,099:INFO:                shap: Not installed
2026-05-14 14:15:46,099:INFO:           interpret: Not installed
2026-05-14 14:15:46,099:INFO:                umap: Not installed
2026-05-14 14:15:46,099:INFO:     ydata_profiling: Not installed
2026-05-14 14:15:46,099:INFO:  explainerdashboard: Not installed
2026-05-14 14:15:46,099:INFO:             autoviz: Not installed
2026-05-14 14:15:46,099:INFO:           fairlearn: Not installed
2026-05-14 14:15:46,099:INFO:          deepchecks: Not installed
2026-05-14 14:15:46,099:INFO:             xgboost: Not installed
2026-05-14 14:15:46,099:INFO:            catboost: Not installed
2026-05-14 14:15:46,099:INFO:              kmodes: Not installed
2026-05-14 14:15:46,099:INFO:             mlxtend: Not installed
2026-05-14 14:15:46,099:INFO:       statsforecast: Not installed
2026-05-14 14:15:46,099:INFO:        tune_sklearn: Not installed
2026-05-14 14:15:46,100:INFO:                 ray: Not installed
2026-05-14 14:15:46,100:INFO:            hyperopt: Not installed
2026-05-14 14:15:46,100:INFO:              optuna: 4.8.0
2026-05-14 14:15:46,100:INFO:               skopt: Not installed
2026-05-14 14:15:46,100:INFO:              mlflow: Not installed
2026-05-14 14:15:46,100:INFO:              gradio: Not installed
2026-05-14 14:15:46,100:INFO:             fastapi: Not installed
2026-05-14 14:15:46,100:INFO:             uvicorn: Not installed
2026-05-14 14:15:46,100:INFO:              m2cgen: Not installed
2026-05-14 14:15:46,100:INFO:           evidently: Not installed
2026-05-14 14:15:46,100:INFO:               fugue: Not installed
2026-05-14 14:15:46,100:INFO:           streamlit: Not installed
2026-05-14 14:15:46,100:INFO:             prophet: Not installed
2026-05-14 14:15:46,100:INFO:None
2026-05-14 14:15:46,100:INFO:Set up data.
2026-05-14 14:15:46,107:INFO:Set up folding strategy.
2026-05-14 14:15:46,113:INFO:Set up train/test split.
2026-05-14 14:15:46,113:INFO:Set up data.
2026-05-14 14:15:46,117:INFO:Set up index.
2026-05-14 14:15:46,117:INFO:Assigning column types.
2026-05-14 14:15:46,126:INFO:Engine successfully changes for model 'lr' to 'sklearn'.
2026-05-14 14:15:46,126:INFO:Engine for model 'lasso' has not been set explicitly, hence returning None.
2026-05-14 14:15:46,129:INFO:Engine for model 'ridge' has not been set explicitly, hence returning None.
2026-05-14 14:15:46,132:INFO:Engine for model 'en' has not been set explicitly, hence returning None.
2026-05-14 14:15:46,173:INFO:Engine for model 'svm' has not been set explicitly, hence returning None.
2026-05-14 14:15:46,200:INFO:Engine for model 'knn' has not been set explicitly, hence returning None.
2026-05-14 14:15:46,200:WARNING:
'xgboost' is a soft dependency and not included in the pycaret installation. Please run: `pip install xgboost` to install.
Alternately, you can install this by running `pip install pycaret[models]`
2026-05-14 14:15:46,200:WARNING:
'catboost' is a soft dependency and not included in the pycaret installation. Please run: `pip install catboost` to install.
Alternately, you can install this by running `pip install pycaret[models]`
2026-05-14 14:15:46,200:INFO:Engine for model 'lasso' has not been set explicitly, hence returning None.
2026-05-14 14:15:46,203:INFO:Engine for model 'ridge' has not been set explicitly, hence returning None.
2026-05-14 14:15:46,206:INFO:Engine for model 'en' has not been set explicitly, hence returning None.
2026-05-14 14:15:46,247:INFO:Engine for model 'svm' has not been set explicitly, hence returning None.
2026-05-14 14:15:46,274:INFO:Engine for model 'knn' has not been set explicitly, hence returning None.
2026-05-14 14:15:46,274:WARNING:
'xgboost' is a soft dependency and not included in the pycaret installation. Please run: `pip install xgboost` to install.
Alternately, you can install this by running `pip install pycaret[models]`
2026-05-14 14:15:46,274:WARNING:
'catboost' is a soft dependency and not included in the pycaret installation. Please run: `pip install catboost` to install.
Alternately, you can install this by running `pip install pycaret[models]`
2026-05-14 14:15:46,274:INFO:Engine successfully changes for model 'lasso' to 'sklearn'.
2026-05-14 14:15:46,277:INFO:Engine for model 'ridge' has not been set explicitly, hence returning None.
2026-05-14 14:15:46,280:INFO:Engine for model 'en' has not been set explicitly, hence returning None.
2026-05-14 14:15:46,320:INFO:Engine for model 'svm' has not been set explicitly, hence returning None.
2026-05-14 14:15:46,347:INFO:Engine for model 'knn' has not been set explicitly, hence returning None.
2026-05-14 14:15:46,347:WARNING:
'xgboost' is a soft dependency and not included in the pycaret installation. Please run: `pip install xgboost` to install.
Alternately, you can install this by running `pip install pycaret[models]`
2026-05-14 14:15:46,347:WARNING:
'catboost' is a soft dependency and not included in the pycaret installation. Please run: `pip install catboost` to install.
Alternately, you can install this by running `pip install pycaret[models]`
2026-05-14 14:15:46,350:INFO:Engine for model 'ridge' has not been set explicitly, hence returning None.
2026-05-14 14:15:46,353:INFO:Engine for model 'en' has not been set explicitly, hence returning None.
2026-05-14 14:15:46,393:INFO:Engine for model 'svm' has not been set explicitly, hence returning None.
2026-05-14 14:15:46,419:INFO:Engine for model 'knn' has not been set explicitly, hence returning None.
2026-05-14 14:15:46,420:WARNING:
'xgboost' is a soft dependency and not included in the pycaret installation. Please run: `pip install xgboost` to install.
Alternately, you can install this by running `pip install pycaret[models]`
2026-05-14 14:15:46,420:WARNING:
'catboost' is a soft dependency and not included in the pycaret installation. Please run: `pip install catboost` to install.
Alternately, you can install this by running `pip install pycaret[models]`
2026-05-14 14:15:46,420:INFO:Engine successfully changes for model 'ridge' to 'sklearn'.
2026-05-14 14:15:46,426:INFO:Engine for model 'en' has not been set explicitly, hence returning None.
2026-05-14 14:15:46,466:INFO:Engine for model 'svm' has not been set explicitly, hence returning None.
2026-05-14 14:15:46,492:INFO:Engine for model 'knn' has not been set explicitly, hence returning None.
2026-05-14 14:15:46,493:WARNING:
'xgboost' is a soft dependency and not included in the pycaret installation. Please run: `pip install xgboost` to install.
Alternately, you can install this by running `pip install pycaret[models]`
2026-05-14 14:15:46,493:WARNING:
'catboost' is a soft dependency and not included in the pycaret installation. Please run: `pip install catboost` to install.
Alternately, you can install this by running `pip install pycaret[models]`
2026-05-14 14:15:46,499:INFO:Engine for model 'en' has not been set explicitly, hence returning None.
2026-05-14 14:15:46,539:INFO:Engine for model 'svm' has not been set explicitly, hence returning None.
2026-05-14 14:15:46,565:INFO:Engine for model 'knn' has not been set explicitly, hence returning None.
2026-05-14 14:15:46,566:WARNING:
'xgboost' is a soft dependency and not included in the pycaret installation. Please run: `pip install xgboost` to install.
Alternately, you can install this by running `pip install pycaret[models]`
2026-05-14 14:15:46,566:WARNING:
'catboost' is a soft dependency and not included in the pycaret installation. Please run: `pip install catboost` to install.
Alternately, you can install this by running `pip install pycaret[models]`
2026-05-14 14:15:46,566:INFO:Engine successfully changes for model 'en' to 'sklearn'.
2026-05-14 14:15:46,611:INFO:Engine for model 'svm' has not been set explicitly, hence returning None.
2026-05-14 14:15:46,638:INFO:Engine for model 'knn' has not been set explicitly, hence returning None.
2026-05-14 14:15:46,639:WARNING:
'xgboost' is a soft dependency and not included in the pycaret installation. Please run: `pip install xgboost` to install.
Alternately, you can install this by running `pip install pycaret[models]`
2026-05-14 14:15:46,639:WARNING:
'catboost' is a soft dependency and not included in the pycaret installation. Please run: `pip install catboost` to install.
Alternately, you can install this by running `pip install pycaret[models]`
2026-05-14 14:15:46,685:INFO:Engine for model 'svm' has not been set explicitly, hence returning None.
2026-05-14 14:15:46,711:INFO:Engine for model 'knn' has not been set explicitly, hence returning None.
2026-05-14 14:15:46,711:WARNING:
'xgboost' is a soft dependency and not included in the pycaret installation. Please run: `pip install xgboost` to install.
Alternately, you can install this by running `pip install pycaret[models]`
2026-05-14 14:15:46,712:WARNING:
'catboost' is a soft dependency and not included in the pycaret installation. Please run: `pip install catboost` to install.
Alternately, you can install this by running `pip install pycaret[models]`
2026-05-14 14:15:46,712:INFO:Engine successfully changes for model 'knn' to 'sklearn'.
2026-05-14 14:15:46,757:INFO:Engine for model 'svm' has not been set explicitly, hence returning None.
2026-05-14 14:15:46,784:WARNING:
'xgboost' is a soft dependency and not included in the pycaret installation. Please run: `pip install xgboost` to install.
Alternately, you can install this by running `pip install pycaret[models]`
2026-05-14 14:15:46,784:WARNING:
'catboost' is a soft dependency and not included in the pycaret installation. Please run: `pip install catboost` to install.
Alternately, you can install this by running `pip install pycaret[models]`
2026-05-14 14:15:46,830:INFO:Engine for model 'svm' has not been set explicitly, hence returning None.
2026-05-14 14:15:46,856:WARNING:
'xgboost' is a soft dependency and not included in the pycaret installation. Please run: `pip install xgboost` to install.
Alternately, you can install this by running `pip install pycaret[models]`
2026-05-14 14:15:46,856:WARNING:
'catboost' is a soft dependency and not included in the pycaret installation. Please run: `pip install catboost` to install.
Alternately, you can install this by running `pip install pycaret[models]`
2026-05-14 14:15:46,857:INFO:Engine successfully changes for model 'svm' to 'sklearn'.
2026-05-14 14:15:46,929:WARNING:
'xgboost' is a soft dependency and not included in the pycaret installation. Please run: `pip install xgboost` to install.
Alternately, you can install this by running `pip install pycaret[models]`
2026-05-14 14:15:46,929:WARNING:
'catboost' is a soft dependency and not included in the pycaret installation. Please run: `pip install catboost` to install.
Alternately, you can install this by running `pip install pycaret[models]`
2026-05-14 14:15:47,001:WARNING:
'xgboost' is a soft dependency and not included in the pycaret installation. Please run: `pip install xgboost` to install.
Alternately, you can install this by running `pip install pycaret[models]`
2026-05-14 14:15:47,002:WARNING:
'catboost' is a soft dependency and not included in the pycaret installation. Please run: `pip install catboost` to install.
Alternately, you can install this by running `pip install pycaret[models]`
2026-05-14 14:15:47,003:INFO:Preparing preprocessing pipeline...
2026-05-14 14:15:47,003:INFO:Set up simple imputation.
2026-05-14 14:15:47,003:INFO:Set up variance threshold.
2026-05-14 14:15:47,003:INFO:Set up removing multicollinearity.
2026-05-14 14:15:47,003:INFO:Set up feature normalization.
2026-05-14 14:15:47,003:INFO:Set up feature selection.
2026-05-14 14:15:47,076:WARNING:
'xgboost' is a soft dependency and not included in the pycaret installation. Please run: `pip install xgboost` to install.
Alternately, you can install this by running `pip install pycaret[models]`
2026-05-14 14:15:47,076:WARNING:
'catboost' is a soft dependency and not included in the pycaret installation. Please run: `pip install catboost` to install.
Alternately, you can install this by running `pip install pycaret[models]`
2026-05-14 14:15:51,388:INFO:Finished creating preprocessing pipeline.
2026-05-14 14:15:51,395:INFO:Pipeline: Pipeline(memory=FastMemory(location=/tmp/joblib),
         steps=[('numerical_imputer',
                 TransformerWrapper(include=['log10_Re', 'Dr', 'Lr', 'z_hat',
                                             'd_local_over_D', 'A_local_over_A',
                                             'V_local_over_V_bulk',
                                             'dD_dz_local', 'log10_Re_throat',
                                             'log10_Re_local', 'inv_Dr',
                                             'Dr_times_Lr', 'z_hat_times_Dr',
                                             'z_hat_times_Lr',
                                             'dist_to_throat_start',
                                             'dist_to_throat_end',
                                             'dist_to_n...
                 TransformerWrapper(exclude=[],
                                    transformer=VarianceThreshold())),
                ('remove_multicollinearity',
                 TransformerWrapper(exclude=[],
                                    transformer=RemoveMulticollinearity(threshold=0.9))),
                ('normalize', TransformerWrapper(transformer=StandardScaler())),
                ('feature_selection',
                 TransformerWrapper(exclude=[],
                                    transformer=SelectFromModel(estimator=LGBMRegressor(),
                                                                max_features=6,
                                                                threshold=-inf)))])
2026-05-14 14:15:51,395:INFO:Creating final display dataframe.
2026-05-14 14:15:51,589:INFO:Setup _display_container:                     Description             Value
0                    Session id                42
1                        Target       log_alpha_D
2                   Target type        Regression
3           Original data shape       (31850, 19)
4        Transformed data shape        (31850, 7)
5   Transformed train set shape        (25450, 7)
6    Transformed test set shape         (6400, 7)
7               Ignore features                 1
8              Numeric features                17
9                    Preprocess              True
10              Imputation type            simple
11           Numeric imputation              mean
12       Categorical imputation              mode
13       Low variance threshold               0.0
14     Remove multicollinearity              True
15  Multicollinearity threshold               0.9
16                    Normalize              True
17             Normalize method            zscore
18            Feature selection              True
19     Feature selection method           classic
20  Feature selection estimator          lightgbm
21  Number of features selected                 6
22               Fold Generator        GroupKFold
23                  Fold Number                10
24                     CPU Jobs                -1
25                      Use GPU             False
26               Log Experiment             False
27              Experiment Name  reg-default-name
28                          USI              185e
2026-05-14 14:15:51,664:WARNING:
'xgboost' is a soft dependency and not included in the pycaret installation. Please run: `pip install xgboost` to install.
Alternately, you can install this by running `pip install pycaret[models]`
2026-05-14 14:15:51,664:WARNING:
'catboost' is a soft dependency and not included in the pycaret installation. Please run: `pip install catboost` to install.
Alternately, you can install this by running `pip install pycaret[models]`
2026-05-14 14:15:51,736:WARNING:
'xgboost' is a soft dependency and not included in the pycaret installation. Please run: `pip install xgboost` to install.
Alternately, you can install this by running `pip install pycaret[models]`
2026-05-14 14:15:51,736:WARNING:
'catboost' is a soft dependency and not included in the pycaret installation. Please run: `pip install catboost` to install.
Alternately, you can install this by running `pip install pycaret[models]`
2026-05-14 14:15:51,737:INFO:setup() successfully completed in 5.72s...............
2026-05-14 14:15:51,737:INFO:Initializing get_config()
2026-05-14 14:15:51,737:INFO:get_config(self=<pycaret.regression.oop.RegressionExperiment object at 0x7fd1a74ad650>, variable=X_train_transformed)
2026-05-14 14:15:51,782:INFO:Variable: X_train returned as           z_hat  V_local_over_V_bulk  log10_Re_throat  z_hat_times_Dr  z_hat_times_Lr  dist_to_nearest_step
0     -1.697749            -0.615431         1.522845       -1.489781       -1.137039              2.365865
1     -1.628453            -0.615431         1.522845       -1.458429       -1.132688              2.207972
2     -1.559157            -0.614164         1.522845       -1.427076       -1.128337              2.050079
3     -1.489862            -0.612897         1.522845       -1.395724       -1.123986              1.892186
4     -1.420566            -0.611630         1.522845       -1.364371       -1.119635              1.734292
...         ...                  ...              ...             ...             ...                   ...
31845  1.420566            -0.585247        -1.456042        2.346179        2.820230              0.629041
31846  1.489862            -0.585510        -1.456042        2.430831        2.907250              0.786934
31847  1.559157            -0.585869        -1.456042        2.515482        2.994271              0.944827
31848  1.628454            -0.586227        -1.456042        2.600134        3.081292              1.102720
31849  1.697749            -0.586227        -1.456042        2.684785        3.168312              1.260613

[25450 rows x 6 columns]
2026-05-14 14:15:51,782:INFO:get_config() successfully completed......................................
2026-05-14 14:15:51,782:INFO:Initializing create_model()
2026-05-14 14:15:51,782:INFO:create_model(self=<pycaret.regression.oop.RegressionExperiment object at 0x7fd1a74ad650>, estimator=gbr, fold=None, round=4, cross_validation=False, predict=True, fit_kwargs=None, groups=None, refit=True, probability_threshold=None, experiment_custom_tags=None, verbose=True, system=True, add_to_model_list=True, metrics=None, display=None, model_only=True, return_train_score=False, error_score=0.0, kwargs={})
2026-05-14 14:15:51,782:INFO:Checking exceptions
2026-05-14 14:15:51,784:INFO:Importing libraries
2026-05-14 14:15:51,784:INFO:Copying training dataset
2026-05-14 14:15:51,794:INFO:Defining folds
2026-05-14 14:15:51,794:INFO:Declaring metric variables
2026-05-14 14:15:51,795:INFO:Importing untrained model
2026-05-14 14:15:51,795:INFO:Gradient Boosting Regressor Imported successfully
2026-05-14 14:15:51,797:INFO:Cross validation set to False
2026-05-14 14:15:51,797:INFO:Fitting Model
2026-05-14 14:15:51,843:INFO:[LightGBM] [Info] Auto-choosing col-wise multi-threading, the overhead of testing was 0.001942 seconds.
2026-05-14 14:15:51,843:INFO:You can set `force_col_wise=true` to remove the overhead.
2026-05-14 14:15:51,843:INFO:[LightGBM] [Info] Total Bins 1326
2026-05-14 14:15:51,843:INFO:[LightGBM] [Info] Number of data points in the train set: 25450, number of used features: 13
2026-05-14 14:15:51,844:INFO:[LightGBM] [Info] Start training from score -3.157650
2026-05-14 14:15:56,936:INFO:Initializing predict_model()
2026-05-14 14:15:56,937:INFO:predict_model(self=<pycaret.regression.oop.RegressionExperiment object at 0x7fd1a74ad650>, estimator=Pipeline(memory=Memory(location=None),
         steps=[('numerical_imputer',
                 TransformerWrapper(include=['log10_Re', 'Dr', 'Lr', 'z_hat',
                                             'd_local_over_D', 'A_local_over_A',
                                             'V_local_over_V_bulk',
                                             'dD_dz_local', 'log10_Re_throat',
                                             'log10_Re_local', 'inv_Dr',
                                             'Dr_times_Lr', 'z_hat_times_Dr',
                                             'z_hat_times_Lr',
                                             'dist_to_throat_start',
                                             'dist_to_throat_end',
                                             'dist_to_nearest_step...
                ('remove_multicollinearity',
                 TransformerWrapper(exclude=[],
                                    transformer=RemoveMulticollinearity(threshold=0.9))),
                ('normalize', TransformerWrapper(transformer=StandardScaler())),
                ('feature_selection',
                 TransformerWrapper(exclude=[],
                                    transformer=SelectFromModel(estimator=LGBMRegressor(),
                                                                max_features=6,
                                                                threshold=-inf))),
                ('actual_estimator',
                 GradientBoostingRegressor(random_state=42))]), probability_threshold=None, encoded_labels=False, raw_score=False, round=4, verbose=False, ml_usecase=None, preprocess=True, encode_labels=<function _SupervisedExperiment.predict_model.<locals>.encode_labels at 0x7fdcda946480>)
2026-05-14 14:15:56,937:INFO:Checking exceptions
2026-05-14 14:15:56,937:INFO:Preloading libraries
2026-05-14 14:15:57,014:WARNING:/usr/local/lib/python3.11/site-packages/sklearn/metrics/_regression.py:483: FutureWarning: 'squared' is deprecated in version 1.4 and will be removed in 1.6. To calculate the root mean squared error, use the function'root_mean_squared_error'.
  warnings.warn(

2026-05-14 14:15:57,188:INFO:_display_container: 2
2026-05-14 14:15:57,188:INFO:GradientBoostingRegressor(random_state=42)
2026-05-14 14:15:57,188:INFO:create_model() successfully completed......................................
2026-05-14 14:15:57,305:INFO:Initializing get_config()
2026-05-14 14:15:57,305:INFO:get_config(self=<pycaret.regression.oop.RegressionExperiment object at 0x7fd1a74ad650>, variable=X_train_transformed)
2026-05-14 14:15:57,348:INFO:Variable: X_train returned as           z_hat  V_local_over_V_bulk  log10_Re_throat  z_hat_times_Dr  z_hat_times_Lr  dist_to_nearest_step
0     -1.697749            -0.615431         1.522845       -1.489781       -1.137039              2.365865
1     -1.628453            -0.615431         1.522845       -1.458429       -1.132688              2.207972
2     -1.559157            -0.614164         1.522845       -1.427076       -1.128337              2.050079
3     -1.489862            -0.612897         1.522845       -1.395724       -1.123986              1.892186
4     -1.420566            -0.611630         1.522845       -1.364371       -1.119635              1.734292
...         ...                  ...              ...             ...             ...                   ...
31845  1.420566            -0.585247        -1.456042        2.346179        2.820230              0.629041
31846  1.489862            -0.585510        -1.456042        2.430831        2.907250              0.786934
31847  1.559157            -0.585869        -1.456042        2.515482        2.994271              0.944827
31848  1.628454            -0.586227        -1.456042        2.600134        3.081292              1.102720
31849  1.697749            -0.586227        -1.456042        2.684785        3.168312              1.260613

[25450 rows x 6 columns]
2026-05-14 14:15:57,348:INFO:get_config() successfully completed......................................
